一月 04, 2026 1:28:55 上午 com.test.Main main
信息: Hello World
一月 04, 2026 1:32:45 上午 com.test.Main main
详细: Hello World
一月 04, 2026 1:32:45 上午 com.test.Main main
信息: Hello World
